// Jest Snapshot v1, https://goo.gl/fbAQLP

exports[`MainToggle tests basic tests matches the snapshot 1`] = `
.c0 {
  font-family: Poppins,sans-serif;
  position: relative;
  display: -webkit-box;
  display: -webkit-flex;
  display: -ms-flexbox;
  display: flex;
  width: 100%;
  border-radius: 6px;
  background-color: #dee2e6;
  border: 1px solid #dbdfe3;
  -webkit-box-pack: justify;
  -webkit-justify-content: space-between;
  -ms-flex-pack: justify;
  justify-content: space-between;
  -webkit-align-items: flex-start;
  -webkit-box-align: flex-start;
  -ms-flex-align: flex-start;
  align-items: flex-start;
  -webkit-align-content: flex-start;
  -ms-flex-line-pack: start;
  align-content: flex-start;
  -webkit-flex-wrap: wrap;
  -ms-flex-wrap: wrap;
  flex-wrap: wrap;
  padding: 18px 34px;
  margin-bottom: 25px;
}

.c1 {
  display: -webkit-box;
  display: -webkit-flex;
  display: -ms-flexbox;
  display: flex;
  -webkit-align-items: center;
  -webkit-box-align: center;
  -ms-flex-align: center;
  align-items: center;
  width: 100%;
}

.c4 {
  margin: 0 0 0 11px;
  -webkit-flex: 1;
  -ms-flex: 1;
  flex: 1;
  font-size: 28px;
  font-weight: 600;
  line-height: 1;
  -webkit-letter-spacing: 0.2px;
  -moz-letter-spacing: 0.2px;
  -ms-letter-spacing: 0.2px;
  letter-spacing: 0.2px;
  color: #4b4c5c;
  display: -webkit-box;
  display: -webkit-flex;
  display: -ms-flexbox;
  display: flex;
  -webkit-align-items: center;
  -webkit-box-align: center;
  -ms-flex-align: center;
  align-items: center;
}

.c5 {
  -webkit-align-self: flex-start;
  -ms-flex-item-align: start;
  align-self: flex-start;
  font-size: 10px;
  font-weight: 300;
  -webkit-letter-spacing: 0.2px;
  -moz-letter-spacing: 0.2px;
  -ms-letter-spacing: 0.2px;
  letter-spacing: 0.2px;
  text-align: center;
  color: #222326;
}

.c2 {
  width: 66px;
  height: 66px;
}

.c11 {
  display: block;
  margin-top: 20px;
  font-family: Muli,sans-serif;
}

.c12 {
  color: #3b3e4f;
  font-size: 14px;
  font-weight: normal;
  -webkit-letter-spacing: 0;
  -moz-letter-spacing: 0;
  -ms-letter-spacing: 0;
  letter-spacing: 0;
  line-height: 18px;
}

.c13 {
  cursor: pointer;
  color: #339af0;
  font-weight: 600;
}

.c6 {
  display: -webkit-box;
  display: -webkit-flex;
  display: -ms-flexbox;
  display: flex;
}

.c8 {
  position: relative;
  display: block;
  height: 24px;
  width: 40px;
}

.c9 {
  background: #A7ACB2;
  height: 8px;
  margin-top: 8px;
  width: 100%;
  border-radius: 3px;
}

.c10 {
  position: relative;
  border-radius: 50%;
  -webkit-transition: all .4s ease;
  transition: all .4s ease;
  --toggle-bullet-size: 20px;
  --toggle-bullet-transform: translate(-1px,calc(-50% - 4px));
  --toggle-bullet-background: #CDD1D5;
  width: var(--toggle-bullet-size);
  height: var(--toggle-bullet-size);
  -webkit-transform: var(--toggle-bullet-transform);
  -ms-transform: var(--toggle-bullet-transform);
  transform: var(--toggle-bullet-transform);
  background-color: var(--toggle-bullet-background);
  box-shadow: 0 3px 3px rgba(0,0,0,0.05);
}

.c7 {
  color: #838391;
  font-size: 14px;
  font-family: Poppins,sans-serif;
  text-align: right;
  -webkit-letter-spacing: 0.4px;
  -moz-letter-spacing: 0.4px;
  -ms-letter-spacing: 0.4px;
  letter-spacing: 0.4px;
  text-transform: uppercase;
  margin: 4px 8px 0 0;
  opacity: 1;
  -webkit-transition: 100ms ease-out;
  transition: 100ms ease-out;
}

.c3 {
  width: 100%;
  height: 100%;
  fill: currentColor;
}

<div
  className="c0"
  id="mainToggle"
>
  <div
    className="c1"
  >
    <div
      className="c2"
    >
      <svg
        aria-hidden="true"
        className="c3"
        focusable="false"
        viewBox="0 0 32 32"
      >
        <path
          d="M9.61 23.25h12.78L16 12 9.61 23.25z"
          fill="#fff"
          fillRule="evenodd"
        />
        <path
          d="M3 26.8l7.67-4.52L16 13V4a.45.45 0 0 0-.38.28l-6.27 11-6.26 11a.48.48 0 0 0 0 .48"
          fill="#ff4724"
          fillRule="evenodd"
        />
        <path
          d="M16 4v9l5.29 9.31L29 26.8a.48.48 0 0 0-.05-.48l-6.26-11-6.27-11A.45.45 0 0 0 16 4"
          fill="#9e1f63"
          fillRule="evenodd"
        />
        <path
          d="M29 26.8l-7.67-4.52H10.71L3 26.8a.47.47 0 0 0 .43.2h25.1a.47.47 0 0 0 .43-.2"
          fill="#662d91"
          fillRule="evenodd"
        />
      </svg>
    </div>
    <div
      className="c4"
    >
      MISSING: braveRewards
       
      <span
        className="c5"
      >
        TM
      </span>
    </div>
    <div
      className="c6"
    >
      <div
        className="c7"
        size="large"
      >
        MISSING: off
      </div>
      <div
        className="c8"
        data-test-id="toggle"
        size="large"
      >
        <div
          className="c9"
          size="large"
        />
        <div
          className="c10"
          size="large"
          type="dark"
        />
      </div>
    </div>
  </div>
  <div
    className="c11"
  >
    <span
      className="c12"
    >
      MISSING: serviceTextToggle
       
      <a
        className="c13"
      >
        MISSING: termsOfService
      </a>
       
      MISSING: and
       
      <a
        className="c13"
      >
        MISSING: privacyPolicy
      </a>
      .
    </span>
  </div>
</div>
`;
