// Jest Snapshot v1, https://goo.gl/fbAQLP

exports[`WalletPanel tests basic tests matches the snapshot 1`] = `
.c0 {
  display: block;
}

.c2 {
  margin-bottom: 15px;
}

.c1 {
  min-height: 250px;
  padding: 15px 30px 20px 30px;
}

.c9 {
  text-align: center;
  padding: 15px 0 0;
  margin: 0 auto;
}

.c12 {
  display: none;
}

.c3 {
  position: relative;
  display: -webkit-box;
  display: -webkit-flex;
  display: -ms-flexbox;
  display: flex;
  -webkit-box-pack: justify;
  -webkit-justify-content: space-between;
  -ms-flex-pack: justify;
  justify-content: space-between;
  -webkit-align-items: center;
  -webkit-box-align: center;
  -ms-flex-align: center;
  align-items: center;
  -webkit-align-content: flex-start;
  -ms-flex-line-pack: start;
  align-content: flex-start;
  -webkit-flex-wrap: nowrap;
  -ms-flex-wrap: nowrap;
  flex-wrap: nowrap;
  font-family: Poppins,sans-serif;
}

.c4 {
  -webkit-flex-basis: 30px;
  -ms-flex-preferred-size: 30px;
  flex-basis: 30px;
  position: relative;
  height: 48px;
}

.c5 {
  border-radius: 50%;
  width: 48px;
  height: 48px;
}

.c6 {
  -webkit-box-flex: 1;
  -webkit-flex-grow: 1;
  -ms-flex-positive: 1;
  flex-grow: 1;
  -webkit-flex-shrink: 1;
  -ms-flex-negative: 1;
  flex-shrink: 1;
  -webkit-flex-basis: 50%;
  -ms-flex-preferred-size: 50%;
  flex-basis: 50%;
  margin-top: -5px;
  padding-left: 11px;
}

.c7 {
  text-overflow: ellipsis;
  overflow: hidden;
  white-space: nowrap;
  max-width: 260px;
  margin-top: 2px;
  margin-left: 0px;
}

.c8 {
  font-size: 18px;
  font-weight: 500;
  line-height: 1.22;
  -webkit-letter-spacing: -0.2px;
  -moz-letter-spacing: -0.2px;
  -ms-letter-spacing: -0.2px;
  letter-spacing: -0.2px;
  color: #4B4C5C;
}

.c10 {
  width: 100%;
  display: -webkit-box;
  display: -webkit-flex;
  display: -ms-flexbox;
  display: flex;
  color: white;
  font-size: 14px;
  border-radius: 28px;
  background: inherit;
  border: none;
  cursor: pointer;
  height: 40px;
  color: #4C54D2;
  border-radius: 20px;
  font-size: 12px;
  border: 1px solid #A1A8F2;
}

.c10:focus {
  outline: 0;
}

.c11 {
  font-family: Poppins,sans-serif;
  font-weight: 600;
  text-transform: uppercase;
  -webkit-letter-spacing: 0.39px;
  -moz-letter-spacing: 0.39px;
  -ms-letter-spacing: 0.39px;
  letter-spacing: 0.39px;
  margin: 0 auto;
}

<div
  className="c0"
>
  <div
    className="c1"
    id="wallet-panel"
  >
    <div
      className="c2"
    >
      <div
        className="c3"
      >
        <div
          className="c4"
          type="big"
        >
          <img
            className="c5"
            src=""
            type="big"
          />
        </div>
        <div
          className="c6"
          type="big"
        >
          <div
            className="c7"
            type="big"
          >
            <span
              className="c8"
              type="big"
            >
              
            </span>
          </div>
        </div>
      </div>
    </div>
    <div
      className="c9"
    >
      <button
        className="c10"
        type="tip"
      >
        <span
          className="c11"
        >
          MISSING: donateNow
        </span>
      </button>
    </div>
  </div>
  <div
    className="c12"
  />
</div>
`;
